2026-08-20 12:27:11,753 INFO o.a.j.u.JMeterUtils: Setting Locale to en_EN
2026-08-20 12:27:11,797 INFO o.a.j.JMeter: Loading user properties from: /workspaces/automacao-mobile-wdio/apache-jmeter-5.6.3/bin/user.properties
2026-08-20 12:27:11,798 INFO o.a.j.JMeter: Loading system properties from: /workspaces/automacao-mobile-wdio/apache-jmeter-5.6.3/bin/system.properties
2026-08-20 12:27:11,810 INFO o.a.j.JMeter: Copyright (c) 1998-2024 The Apache Software Foundation
2026-08-20 12:27:11,811 INFO o.a.j.JMeter: Version 5.6.3
2026-08-20 12:27:11,811 INFO o.a.j.JMeter: java.version=25.0.2
2026-08-20 12:27:11,811 INFO o.a.j.JMeter: java.vm.name=OpenJDK 64-Bit Server VM
2026-08-20 12:27:11,811 INFO o.a.j.JMeter: os.name=Linux
2026-08-20 12:27:11,811 INFO o.a.j.JMeter: os.arch=amd64
2026-08-20 12:27:11,811 INFO o.a.j.JMeter: os.version=6.8.0-1052-azure
2026-08-20 12:27:11,812 INFO o.a.j.JMeter: file.encoding=UTF-8
2026-08-20 12:27:11,812 INFO o.a.j.JMeter: java.awt.headless=true
2026-08-20 12:27:11,812 INFO o.a.j.JMeter: Max memory     =1073741824
2026-08-20 12:27:11,812 INFO o.a.j.JMeter: Available Processors =2
2026-08-20 12:27:11,870 INFO o.a.j.JMeter: Default Locale=English (EN)
2026-08-20 12:27:11,871 INFO o.a.j.JMeter: JMeter  Locale=English (EN)
2026-08-20 12:27:11,872 INFO o.a.j.JMeter: JMeterHome=/workspaces/automacao-mobile-wdio/apache-jmeter-5.6.3
2026-08-20 12:27:11,874 INFO o.a.j.JMeter: user.dir  =/workspaces/automacao-mobile-wdio
2026-08-20 12:27:11,874 INFO o.a.j.JMeter: PWD       =/workspaces/automacao-mobile-wdio
2026-08-20 12:27:11,875 INFO o.a.j.JMeter: IP: 127.0.0.1 Name: codespaces-f4ea40 FullName: localhost
2026-08-20 12:27:11,903 INFO o.a.j.JMeter: Setting property 'jmeter.reportgenerator.outputdir' to:'/workspaces/automacao-mobile-wdio/relatorio_html'
2026-08-20 12:27:11,908 INFO o.a.j.s.FileServer: Default base='/workspaces/automacao-mobile-wdio'
2026-08-20 12:27:11,909 INFO o.a.j.s.FileServer: Set new base='/workspaces/automacao-mobile-wdio'
2026-08-20 12:27:13,018 INFO o.a.j.s.SaveService: Testplan (JMX) version: 2.2. Testlog (JTL) version: 2.2
2026-08-20 12:27:13,402 INFO o.a.j.s.SaveService: Using SaveService properties version 5.0
2026-08-20 12:27:13,408 INFO o.a.j.s.SaveService: Using SaveService properties file encoding UTF-8
2026-08-20 12:27:13,412 INFO o.a.j.s.SaveService: Loading file: teste_youtube.jmx
2026-08-20 12:27:13,476 INFO o.a.j.p.h.s.HTTPSamplerBase: Parser for text/html is org.apache.jmeter.protocol.http.parser.LagartoBasedHtmlParser
2026-08-20 12:27:13,476 INFO o.a.j.p.h.s.HTTPSamplerBase: Parser for application/xhtml+xml is org.apache.jmeter.protocol.http.parser.LagartoBasedHtmlParser
2026-08-20 12:27:13,477 INFO o.a.j.p.h.s.HTTPSamplerBase: Parser for application/xml is org.apache.jmeter.protocol.http.parser.LagartoBasedHtmlParser
2026-08-20 12:27:13,477 INFO o.a.j.p.h.s.HTTPSamplerBase: Parser for text/xml is org.apache.jmeter.protocol.http.parser.LagartoBasedHtmlParser
2026-08-20 12:27:13,477 INFO o.a.j.p.h.s.HTTPSamplerBase: Parser for text/vnd.wap.wml is org.apache.jmeter.protocol.http.parser.RegexpHTMLParser
2026-08-20 12:27:13,477 INFO o.a.j.p.h.s.HTTPSamplerBase: Parser for text/css is org.apache.jmeter.protocol.http.parser.CssParser
2026-08-20 12:27:13,643 INFO o.a.j.JMeter: Creating summariser <summary>
2026-08-20 12:27:13,651 INFO o.a.j.r.d.ReportGenerator: ReportGenerator will use for Parsing the separator: ','
2026-08-20 12:27:13,651 INFO o.a.j.r.d.ReportGenerator: Will generate report at end of test from  results file: resultado.jtl
2026-08-20 12:27:13,652 INFO o.a.j.r.d.ReportGenerator: Reading report generator properties from: /workspaces/automacao-mobile-wdio/apache-jmeter-5.6.3/bin/reportgenerator.properties
2026-08-20 12:27:13,653 INFO o.a.j.r.d.ReportGenerator: Merging with JMeter properties
2026-08-20 12:27:13,659 INFO o.a.j.r.c.ReportGeneratorConfiguration: Property 'jmeter.reportgenerator.temp_dir' not found, using default value 'temp' instead.
2026-08-20 12:27:13,664 INFO o.a.j.r.c.ReportGeneratorConfiguration: Property 'jmeter.reportgenerator.apdex_per_transaction' not found, using default value 'null' instead.
2026-08-20 12:27:13,692 INFO o.a.j.r.c.ReportGeneratorConfiguration: apdex_per_transaction is empty, not APDEX per transaction customization
2026-08-20 12:27:13,693 INFO o.a.j.r.c.ReportGeneratorConfiguration: Property 'jmeter.reportgenerator.sample_filter' not found, using default value 'null' instead.
2026-08-20 12:27:13,693 INFO o.a.j.r.c.ReportGeneratorConfiguration: Property 'jmeter.reportgenerator.report_title' not found, using default value 'null' instead.
2026-08-20 12:27:13,693 INFO o.a.j.r.c.ReportGeneratorConfiguration: Property 'jmeter.reportgenerator.start_date' not found, using default value 'null' instead.
2026-08-20 12:27:13,694 INFO o.a.j.r.c.ReportGeneratorConfiguration: Property 'jmeter.reportgenerator.end_date' not found, using default value 'null' instead.
2026-08-20 12:27:13,694 INFO o.a.j.r.c.ReportGeneratorConfiguration: Property 'jmeter.reportgenerator.date_format' not found, using default value 'null' instead.
2026-08-20 12:27:13,695 INFO o.a.j.r.c.ReportGeneratorConfiguration: Will use date range start date: null, end date: null
2026-08-20 12:27:13,777 INFO o.a.j.r.c.ReportGeneratorConfiguration: Property 'jmeter.reportgenerator.graph.totalTPS.exclude_controllers' not found, using default value 'false' instead.
2026-08-20 12:27:13,778 INFO o.a.j.r.c.ReportGeneratorConfiguration: Property 'jmeter.reportgenerator.graph.activeThreadsOverTime.exclude_controllers' not found, using default value 'false' instead.
2026-08-20 12:27:13,778 INFO o.a.j.r.c.ReportGeneratorConfiguration: Property 'jmeter.reportgenerator.graph.timeVsThreads.exclude_controllers' not found, using default value 'false' instead.
2026-08-20 12:27:13,778 INFO o.a.j.r.c.ReportGeneratorConfiguration: Property 'jmeter.reportgenerator.graph.responseTimeDistribution.exclude_controllers' not found, using default value 'false' instead.
2026-08-20 12:27:13,778 INFO o.a.j.r.c.ReportGeneratorConfiguration: Property 'jmeter.reportgenerator.graph.transactionsPerSecond.exclude_controllers' not found, using default value 'false' instead.
2026-08-20 12:27:13,778 INFO o.a.j.r.c.ReportGeneratorConfiguration: Property 'jmeter.reportgenerator.graph.responseTimePercentiles.exclude_controllers' not found, using default value 'false' instead.
2026-08-20 12:27:13,778 INFO o.a.j.r.c.ReportGeneratorConfiguration: Property 'jmeter.reportgenerator.graph.responseTimePercentilesOverTime.exclude_controllers' not found, using default value 'false' instead.
2026-08-20 12:27:13,778 INFO o.a.j.r.c.ReportGeneratorConfiguration: Property 'jmeter.reportgenerator.graph.responseTimesOverTime.exclude_controllers' not found, using default value 'false' instead.
2026-08-20 12:27:13,779 INFO o.a.j.r.c.ReportGeneratorConfiguration: Property 'jmeter.reportgenerator.graph.connectTimeOverTime.exclude_controllers' not found, using default value 'false' instead.
2026-08-20 12:27:13,780 INFO o.a.j.r.c.ReportGeneratorConfiguration: Property 'jmeter.reportgenerator.graph.latenciesOverTime.exclude_controllers' not found, using default value 'false' instead.
2026-08-20 12:27:13,781 INFO o.a.j.r.c.ReportGeneratorConfiguration: Property 'jmeter.reportgenerator.exporter.json.filters_only_sample_series' not found, using default value 'true' instead.
2026-08-20 12:27:13,781 INFO o.a.j.r.c.ReportGeneratorConfiguration: Property 'jmeter.reportgenerator.exporter.json.series_filter' not found, using default value '' instead.
2026-08-20 12:27:13,781 INFO o.a.j.r.c.ReportGeneratorConfiguration: Property 'jmeter.reportgenerator.exporter.json.show_controllers_only' not found, using default value 'false' instead.
2026-08-20 12:27:13,782 INFO o.a.j.r.c.ReportGeneratorConfiguration: Property 'jmeter.reportgenerator.exporter.html.filters_only_sample_series' not found, using default value 'true' instead.
2026-08-20 12:27:13,783 INFO o.a.j.r.c.ReportGeneratorConfiguration: Property 'jmeter.reportgenerator.exporter.html.series_filter' not found, using default value '' instead.
2026-08-20 12:27:13,783 INFO o.a.j.r.c.ReportGeneratorConfiguration: Property 'jmeter.reportgenerator.exporter.html.show_controllers_only' not found, using default value 'false' instead.
2026-08-20 12:27:13,802 INFO o.a.j.e.StandardJMeterEngine: Running the test!
2026-08-20 12:27:13,803 INFO o.a.j.s.SampleEvent: List of sample_variables: []
2026-08-20 12:27:13,804 INFO o.a.j.s.SampleEvent: List of sample_variables: []
2026-08-20 12:27:13,815 INFO o.a.j.e.u.CompoundVariable: Note: Function class names must contain the string: '.functions.'
2026-08-20 12:27:13,815 INFO o.a.j.e.u.CompoundVariable: Note: Function class names must not contain the string: '.gui.'
2026-08-20 12:27:13,940 INFO o.a.j.JMeter: Running test (1787228833940)
2026-08-20 12:27:14,028 INFO o.a.j.e.StandardJMeterEngine: Starting ThreadGroup: 1 : Grupo de Usuarios - YouTube
2026-08-20 12:27:14,029 INFO o.a.j.e.StandardJMeterEngine: Starting 20 threads for group Grupo de Usuarios - YouTube.
2026-08-20 12:27:14,029 INFO o.a.j.e.StandardJMeterEngine: Thread will continue on error
2026-08-20 12:27:14,029 INFO o.a.j.t.ThreadGroup: Starting thread group... number=1 threads=20 ramp-up=60 delayedStart=false
2026-08-20 12:27:14,141 INFO o.a.j.t.ThreadGroup: Started thread group number 1
2026-08-20 12:27:14,141 INFO o.a.j.e.StandardJMeterEngine: All thread groups have been started
2026-08-20 12:27:14,474 INFO o.a.j.t.JMeterThread: Thread started: Grupo de Usuarios - YouTube 1-1
2026-08-20 12:27:14,479 INFO o.a.j.s.FileServer: Stored: dados.csv
2026-08-20 12:27:14,557 INFO o.a.j.p.h.s.HTTPHCAbstractImpl: Local host = codespaces-f4ea40
2026-08-20 12:27:14,582 INFO o.a.j.p.h.s.HTTPHC4Impl: HTTP request retry count = 0
2026-08-20 12:27:14,585 INFO o.a.j.s.SampleResult: Note: Sample TimeStamps are START times
2026-08-20 12:27:14,585 INFO o.a.j.s.SampleResult: sampleresult.default.encoding is set to UTF-8
2026-08-20 12:27:14,586 INFO o.a.j.s.SampleResult: sampleresult.useNanoTime=true
2026-08-20 12:27:14,587 INFO o.a.j.s.SampleResult: sampleresult.nanoThreadSleep=5000
2026-08-20 12:27:14,718 INFO o.a.j.p.h.s.h.LazyLayeredConnectionSocketFactory: Setting up HTTPS TrustAll Socket Factory
2026-08-20 12:27:14,728 INFO o.a.j.u.JsseSSLManager: Using default SSL protocol: TLS
2026-08-20 12:27:14,728 INFO o.a.j.u.JsseSSLManager: SSL session context: per-thread
2026-08-20 12:27:15,046 INFO o.a.j.u.SSLManager: JmeterKeyStore Location:  type JKS
2026-08-20 12:27:15,051 INFO o.a.j.u.SSLManager: KeyStore created OK
2026-08-20 12:27:15,051 WARN o.a.j.u.SSLManager: Keystore file not found, loading empty keystore
2026-08-20 12:27:17,467 INFO o.a.j.t.JMeterThread: Thread started: Grupo de Usuarios - YouTube 1-2
2026-08-20 12:27:20,464 INFO o.a.j.t.JMeterThread: Thread started: Grupo de Usuarios - YouTube 1-3
2026-08-20 12:27:23,458 INFO o.a.j.t.JMeterThread: Thread started: Grupo de Usuarios - YouTube 1-4
2026-08-20 12:27:26,459 INFO o.a.j.t.JMeterThread: Thread started: Grupo de Usuarios - YouTube 1-5
2026-08-20 12:27:29,468 INFO o.a.j.t.JMeterThread: Thread started: Grupo de Usuarios - YouTube 1-6
2026-08-20 12:27:30,046 INFO o.a.j.r.Summariser: summary +     29 in 00:00:16 =    1.8/s Avg:  1352 Min:   518 Max:  5513 Err:     4 (13.79%) Active: 6 Started: 6 Finished: 0
2026-08-20 12:27:32,454 INFO o.a.j.t.JMeterThread: Thread started: Grupo de Usuarios - YouTube 1-7
2026-08-20 12:27:35,451 INFO o.a.j.t.JMeterThread: Thread started: Grupo de Usuarios - YouTube 1-8
2026-08-20 12:27:38,460 INFO o.a.j.t.JMeterThread: Thread started: Grupo de Usuarios - YouTube 1-9
2026-08-20 12:27:41,448 INFO o.a.j.t.JMeterThread: Thread started: Grupo de Usuarios - YouTube 1-10
2026-08-20 12:27:44,444 INFO o.a.j.t.JMeterThread: Thread started: Grupo de Usuarios - YouTube 1-11
2026-08-20 12:27:47,413 INFO o.a.j.t.JMeterThread: Thread started: Grupo de Usuarios - YouTube 1-12
2026-08-20 12:27:50,379 INFO o.a.j.t.JMeterThread: Thread started: Grupo de Usuarios - YouTube 1-13
2026-08-20 12:27:53,377 INFO o.a.j.t.JMeterThread: Thread started: Grupo de Usuarios - YouTube 1-14
2026-08-20 12:27:56,374 INFO o.a.j.t.JMeterThread: Thread started: Grupo de Usuarios - YouTube 1-15
2026-08-20 12:27:59,373 INFO o.a.j.t.JMeterThread: Thread started: Grupo de Usuarios - YouTube 1-16
2026-08-20 12:28:00,480 INFO o.a.j.r.Summariser: summary +    103 in 00:00:30 =    3.4/s Avg:  2919 Min:   506 Max:  5679 Err:    52 (50.49%) Active: 16 Started: 16 Finished: 0
2026-08-20 12:28:00,482 INFO o.a.j.r.Summariser: summary =    132 in 00:00:47 =    2.8/s Avg:  2574 Min:   506 Max:  5679 Err:    56 (42.42%)
2026-08-20 12:28:02,369 INFO o.a.j.t.JMeterThread: Thread started: Grupo de Usuarios - YouTube 1-17
2026-08-20 12:28:05,368 INFO o.a.j.t.JMeterThread: Thread started: Grupo de Usuarios - YouTube 1-18
2026-08-20 12:28:08,369 INFO o.a.j.t.JMeterThread: Thread started: Grupo de Usuarios - YouTube 1-19
2026-08-20 12:28:11,365 INFO o.a.j.t.JMeterThread: Thread started: Grupo de Usuarios - YouTube 1-20
2026-08-20 12:28:30,003 INFO o.a.j.r.Summariser: summary +    144 in 00:00:30 =    4.9/s Avg:  3822 Min:   499 Max:  5899 Err:   100 (69.44%) Active: 20 Started: 20 Finished: 0
2026-08-20 12:28:30,005 INFO o.a.j.r.Summariser: summary =    276 in 00:01:16 =    3.6/s Avg:  3225 Min:   499 Max:  5899 Err:   156 (56.52%)
2026-08-20 12:29:00,139 INFO o.a.j.r.Summariser: summary +    162 in 00:00:30 =    5.4/s Avg:  3747 Min:   494 Max:  5780 Err:   111 (68.52%) Active: 20 Started: 20 Finished: 0
2026-08-20 12:29:00,140 INFO o.a.j.r.Summariser: summary =    438 in 00:01:46 =    4.1/s Avg:  3418 Min:   494 Max:  5899 Err:   267 (60.96%)
2026-08-20 12:29:30,105 INFO o.a.j.r.Summariser: summary +    159 in 00:00:30 =    5.3/s Avg:  3802 Min:   514 Max:  5785 Err:   110 (69.18%) Active: 20 Started: 20 Finished: 0
2026-08-20 12:29:30,105 INFO o.a.j.r.Summariser: summary =    597 in 00:02:16 =    4.4/s Avg:  3520 Min:   494 Max:  5899 Err:   377 (63.15%)
2026-08-20 12:30:00,013 INFO o.a.j.r.Summariser: summary +    155 in 00:00:30 =    5.2/s Avg:  3783 Min:   518 Max:  6013 Err:   105 (67.74%) Active: 20 Started: 20 Finished: 0
2026-08-20 12:30:00,013 INFO o.a.j.r.Summariser: summary =    752 in 00:02:46 =    4.5/s Avg:  3574 Min:   494 Max:  6013 Err:   482 (64.10%)
2026-08-20 12:30:14,172 INFO o.a.j.t.JMeterThread: Stopping because end time detected by thread: Grupo de Usuarios - YouTube 1-6
2026-08-20 12:30:14,173 INFO o.a.j.t.JMeterThread: Thread finished: Grupo de Usuarios - YouTube 1-6
2026-08-20 12:30:14,364 INFO o.a.j.t.JMeterThread: Stopping because end time detected by thread: Grupo de Usuarios - YouTube 1-18
2026-08-20 12:30:14,365 INFO o.a.j.t.JMeterThread: Thread finished: Grupo de Usuarios - YouTube 1-18
2026-08-20 12:30:14,414 INFO o.a.j.t.JMeterThread: Stopping because end time detected by thread: Grupo de Usuarios - YouTube 1-11
2026-08-20 12:30:14,415 INFO o.a.j.t.JMeterThread: Thread finished: Grupo de Usuarios - YouTube 1-11
2026-08-20 12:30:14,473 INFO o.a.j.t.JMeterThread: Stopping because end time detected by thread: Grupo de Usuarios - YouTube 1-20
2026-08-20 12:30:14,474 INFO o.a.j.t.JMeterThread: Thread finished: Grupo de Usuarios - YouTube 1-20
2026-08-20 12:30:14,543 INFO o.a.j.t.JMeterThread: Stopping because end time detected by thread: Grupo de Usuarios - YouTube 1-2
2026-08-20 12:30:14,544 INFO o.a.j.t.JMeterThread: Thread finished: Grupo de Usuarios - YouTube 1-2
2026-08-20 12:30:14,576 INFO o.a.j.t.JMeterThread: Stopping because end time detected by thread: Grupo de Usuarios - YouTube 1-13
2026-08-20 12:30:14,576 INFO o.a.j.t.JMeterThread: Thread finished: Grupo de Usuarios - YouTube 1-13
2026-08-20 12:30:14,996 INFO o.a.j.t.JMeterThread: Stopping because end time detected by thread: Grupo de Usuarios - YouTube 1-8
2026-08-20 12:30:14,996 INFO o.a.j.t.JMeterThread: Thread finished: Grupo de Usuarios - YouTube 1-8
2026-08-20 12:30:15,017 INFO o.a.j.t.JMeterThread: Stopping because end time detected by thread: Grupo de Usuarios - YouTube 1-4
2026-08-20 12:30:15,017 INFO o.a.j.t.JMeterThread: Thread finished: Grupo de Usuarios - YouTube 1-4
2026-08-20 12:30:15,340 INFO o.a.j.t.JMeterThread: Stopping because end time detected by thread: Grupo de Usuarios - YouTube 1-15
2026-08-20 12:30:15,340 INFO o.a.j.t.JMeterThread: Thread finished: Grupo de Usuarios - YouTube 1-15
2026-08-20 12:30:15,558 INFO o.a.j.t.JMeterThread: Stopping because end time detected by thread: Grupo de Usuarios - YouTube 1-17
2026-08-20 12:30:15,558 INFO o.a.j.t.JMeterThread: Thread finished: Grupo de Usuarios - YouTube 1-17
2026-08-20 12:30:15,989 INFO o.a.j.t.JMeterThread: Stopping because end time detected by thread: Grupo de Usuarios - YouTube 1-1
2026-08-20 12:30:15,989 INFO o.a.j.t.JMeterThread: Thread finished: Grupo de Usuarios - YouTube 1-1
2026-08-20 12:30:16,091 INFO o.a.j.t.JMeterThread: Stopping because end time detected by thread: Grupo de Usuarios - YouTube 1-5
2026-08-20 12:30:16,091 INFO o.a.j.t.JMeterThread: Thread finished: Grupo de Usuarios - YouTube 1-5
2026-08-20 12:30:16,260 INFO o.a.j.t.JMeterThread: Stopping because end time detected by thread: Grupo de Usuarios - YouTube 1-10
2026-08-20 12:30:16,261 INFO o.a.j.t.JMeterThread: Thread finished: Grupo de Usuarios - YouTube 1-10
2026-08-20 12:30:17,189 INFO o.a.j.t.JMeterThread: Stopping because end time detected by thread: Grupo de Usuarios - YouTube 1-19
2026-08-20 12:30:17,189 INFO o.a.j.t.JMeterThread: Thread finished: Grupo de Usuarios - YouTube 1-19
2026-08-20 12:30:17,352 INFO o.a.j.t.JMeterThread: Stopping because end time detected by thread: Grupo de Usuarios - YouTube 1-7
2026-08-20 12:30:17,352 INFO o.a.j.t.JMeterThread: Thread finished: Grupo de Usuarios - YouTube 1-7
2026-08-20 12:30:17,454 INFO o.a.j.t.JMeterThread: Stopping because end time detected by thread: Grupo de Usuarios - YouTube 1-14
2026-08-20 12:30:17,454 INFO o.a.j.t.JMeterThread: Thread finished: Grupo de Usuarios - YouTube 1-14
2026-08-20 12:30:17,481 INFO o.a.j.t.JMeterThread: Stopping because end time detected by thread: Grupo de Usuarios - YouTube 1-12
2026-08-20 12:30:17,481 INFO o.a.j.t.JMeterThread: Thread finished: Grupo de Usuarios - YouTube 1-12
2026-08-20 12:30:18,079 INFO o.a.j.t.JMeterThread: Stopping because end time detected by thread: Grupo de Usuarios - YouTube 1-3
2026-08-20 12:30:18,080 INFO o.a.j.t.JMeterThread: Thread finished: Grupo de Usuarios - YouTube 1-3
2026-08-20 12:30:18,575 INFO o.a.j.t.JMeterThread: Stopping because end time detected by thread: Grupo de Usuarios - YouTube 1-9
2026-08-20 12:30:18,576 INFO o.a.j.t.JMeterThread: Thread finished: Grupo de Usuarios - YouTube 1-9
2026-08-20 12:30:18,622 INFO o.a.j.t.JMeterThread: Stopping because end time detected by thread: Grupo de Usuarios - YouTube 1-16
2026-08-20 12:30:18,622 INFO o.a.j.t.JMeterThread: Thread finished: Grupo de Usuarios - YouTube 1-16
2026-08-20 12:30:18,623 INFO o.a.j.e.StandardJMeterEngine: Notifying test listeners of end of test
2026-08-20 12:30:18,623 INFO o.a.j.s.FileServer: Close: dados.csv
2026-08-20 12:30:18,624 INFO o.a.j.r.Summariser: summary +     92 in 00:00:19 =    4.9/s Avg:  4052 Min:   494 Max:  5941 Err:    67 (72.83%) Active: 0 Started: 20 Finished: 20
2026-08-20 12:30:18,624 INFO o.a.j.r.Summariser: summary =    844 in 00:03:05 =    4.6/s Avg:  3627 Min:   494 Max:  6013 Err:   549 (65.05%)
2026-08-20 12:30:18,625 INFO o.a.j.JMeter: Generating Dashboard
2026-08-20 12:30:18,625 INFO o.a.j.r.d.ReportGenerator: Flushing result collector before report Generation
2026-08-20 12:30:18,643 INFO o.a.j.r.p.NormalizerSampleConsumer: Using format, 'ms', to parse timeStamp field
2026-08-20 12:30:19,864 INFO o.a.j.r.p.AbstractSampleConsumer: class org.apache.jmeter.report.processor.AggregateConsumer#stopProducing(): beginDate produced 0 samples
2026-08-20 12:30:19,864 INFO o.a.j.r.p.AbstractSampleConsumer: class org.apache.jmeter.report.processor.AggregateConsumer#stopProducing(): endDate produced 0 samples
2026-08-20 12:30:19,867 INFO o.a.j.r.p.AbstractSampleConsumer: class org.apache.jmeter.report.processor.ApdexSummaryConsumer#stopProducing(): apdexSummary produced 0 samples
2026-08-20 12:30:19,867 INFO o.a.j.r.p.AbstractSampleConsumer: class org.apache.jmeter.report.processor.RequestsSummaryConsumer#stopProducing(): requestsSummary produced 0 samples
2026-08-20 12:30:19,890 INFO o.a.j.r.p.AbstractSampleConsumer: class org.apache.jmeter.report.processor.StatisticsSummaryConsumer#stopProducing(): statisticsSummary produced 0 samples
2026-08-20 12:30:19,895 INFO o.a.j.r.p.AbstractSampleConsumer: class org.apache.jmeter.report.processor.Top5ErrorsBySamplerConsumer#stopProducing(): top5ErrorsBySampler produced 0 samples
2026-08-20 12:30:19,895 INFO o.a.j.r.p.AbstractSampleConsumer: class org.apache.jmeter.report.processor.ErrorsSummaryConsumer#stopProducing(): errorsSummary produced 0 samples
2026-08-20 12:30:19,897 INFO o.a.j.r.p.AbstractSampleConsumer: class org.apache.jmeter.report.processor.graph.impl.HitsPerSecondGraphConsumer#stopProducing(): hitsPerSecond produced 0 samples
2026-08-20 12:30:20,249 INFO o.a.j.r.p.AbstractSampleConsumer: class org.apache.jmeter.report.processor.graph.impl.LatencyVSRequestGraphConsumer#stopProducing(): latencyVsRequest produced 0 samples
2026-08-20 12:30:20,252 INFO o.a.j.r.p.AbstractSampleConsumer: class org.apache.jmeter.report.processor.graph.impl.SyntheticResponseTimeDistributionGraphConsumer#stopProducing(): syntheticResponseTimeDistribution produced 0 samples
2026-08-20 12:30:20,253 INFO o.a.j.r.p.AbstractSampleConsumer: class org.apache.jmeter.report.processor.graph.impl.BytesThroughputGraphConsumer#stopProducing(): bytesThroughputOverTime produced 0 samples
2026-08-20 12:30:20,253 INFO o.a.j.r.p.AbstractSampleConsumer: class org.apache.jmeter.report.processor.graph.impl.CodesPerSecondGraphConsumer#stopProducing(): codesPerSecond produced 0 samples
2026-08-20 12:30:20,443 INFO o.a.j.r.p.AbstractSampleConsumer: class org.apache.jmeter.report.processor.graph.impl.ResponseTimeVSRequestGraphConsumer#stopProducing(): responseTimeVsRequest produced 0 samples
2026-08-20 12:30:20,445 INFO o.a.j.r.p.AbstractSampleConsumer: class org.apache.jmeter.report.processor.FilterConsumer#stopProducing(): startIntervalControlerFilter produced 92680 samples
2026-08-20 12:30:20,445 INFO o.a.j.r.p.AbstractSampleConsumer: class org.apache.jmeter.report.processor.graph.impl.TotalTPSGraphConsumer#stopProducing(): totalTPS produced 0 samples
2026-08-20 12:30:20,446 INFO o.a.j.r.p.AbstractSampleConsumer: class org.apache.jmeter.report.processor.graph.impl.ActiveThreadsGraphConsumer#stopProducing(): activeThreadsOverTime produced 0 samples
2026-08-20 12:30:20,446 INFO o.a.j.r.p.AbstractSampleConsumer: class org.apache.jmeter.report.processor.graph.impl.TimeVSThreadGraphConsumer#stopProducing(): timeVsThreads produced 0 samples
2026-08-20 12:30:20,450 INFO o.a.j.r.p.AbstractSampleConsumer: class org.apache.jmeter.report.processor.graph.impl.ResponseTimeDistributionGraphConsumer#stopProducing(): responseTimeDistribution produced 0 samples
2026-08-20 12:30:20,451 INFO o.a.j.r.p.AbstractSampleConsumer: class org.apache.jmeter.report.processor.graph.impl.TransactionsPerSecondGraphConsumer#stopProducing(): transactionsPerSecond produced 0 samples
2026-08-20 12:30:20,451 INFO o.a.j.r.p.AbstractSampleConsumer: class org.apache.jmeter.report.processor.graph.impl.ResponseTimePercentilesGraphConsumer#stopProducing(): responseTimePercentiles produced 0 samples
2026-08-20 12:30:20,498 INFO o.a.j.r.p.AbstractSampleConsumer: class org.apache.jmeter.report.processor.graph.impl.ResponseTimePercentilesOverTimeGraphConsumer#stopProducing(): responseTimePercentilesOverTime produced 0 samples
2026-08-20 12:30:20,506 INFO o.a.j.r.p.AbstractSampleConsumer: class org.apache.jmeter.report.processor.graph.impl.ResponseTimeOverTimeGraphConsumer#stopProducing(): responseTimesOverTime produced 0 samples
2026-08-20 12:30:20,507 INFO o.a.j.r.p.AbstractSampleConsumer: class org.apache.jmeter.report.processor.graph.impl.ConnectTimeOverTimeGraphConsumer#stopProducing(): connectTimeOverTime produced 0 samples
2026-08-20 12:30:20,509 INFO o.a.j.r.p.AbstractSampleConsumer: class org.apache.jmeter.report.processor.graph.impl.LatencyOverTimeGraphConsumer#stopProducing(): latenciesOverTime produced 0 samples
2026-08-20 12:30:20,511 INFO o.a.j.r.p.AbstractSampleConsumer: class org.apache.jmeter.report.processor.FilterConsumer#stopProducing(): nameFilter produced 198600 samples
2026-08-20 12:30:20,512 INFO o.a.j.r.p.AbstractSampleConsumer: class org.apache.jmeter.report.processor.FilterConsumer#stopProducing(): dateRangeFilter produced 39720 samples
2026-08-20 12:30:20,512 INFO o.a.j.r.p.AbstractSampleConsumer: class org.apache.jmeter.report.processor.NormalizerSampleConsumer#stopProducing(): normalizer produced 13240 samples
2026-08-20 12:30:20,513 INFO o.a.j.r.p.CsvFileSampleSource: produce(): 13240 samples produced in 1s 832 ms on channel 0
2026-08-20 12:30:20,514 INFO o.a.j.r.d.ReportGenerator: Exporting data using exporter:'json' of className:'org.apache.jmeter.report.dashboard.JsonExporter'
2026-08-20 12:30:20,611 INFO o.a.j.r.d.JsonExporter: Found data for consumer statisticsSummary in context
2026-08-20 12:30:20,612 INFO o.a.j.r.d.JsonExporter: Creating statistics for overall
2026-08-20 12:30:20,612 INFO o.a.j.r.d.JsonExporter: Creating statistics for other transactions
2026-08-20 12:30:20,613 INFO o.a.j.r.d.JsonExporter: Checking output folder
2026-08-20 12:30:20,613 INFO o.a.j.r.d.JsonExporter: Writing statistics JSON to /workspaces/automacao-mobile-wdio/relatorio_html/statistics.json
2026-08-20 12:30:20,659 INFO o.a.j.r.d.ReportGenerator: Exporting data using exporter:'html' of className:'org.apache.jmeter.report.dashboard.HtmlTemplateExporter'
2026-08-20 12:30:20,662 INFO o.a.j.r.d.HtmlTemplateExporter: Will generate dashboard in folder: /workspaces/automacao-mobile-wdio/relatorio_html
2026-08-20 12:30:20,879 INFO o.a.j.r.d.HtmlTemplateExporter: Report will be generated in: /workspaces/automacao-mobile-wdio/relatorio_html, creating folder structure
2026-08-20 12:30:20,882 INFO o.a.j.r.d.TemplateVisitor: Copying folder from '/workspaces/automacao-mobile-wdio/apache-jmeter-5.6.3/bin/report-template' to '/workspaces/automacao-mobile-wdio/relatorio_html', got message: /workspaces/automacao-mobile-wdio/relatorio_html, found non empty folder with following content [/workspaces/automacao-mobile-wdio/relatorio_html/statistics.json], will be ignored
2026-08-20 12:30:21,578 INFO o.a.j.JMeter: Dashboard generated
